services/prayerService.ts(82,13): error TS2353: Object literal may only specify known properties, and '[Prayer.Fajr]' does not exist in type 'Record<number, PrayerName>'.
services/prayerService.ts(89,32): error TS7015: Element implicitly has an 'any' type because index expression is not of type 'number'.
